// Jest Snapshot v1, https://goo.gl/fbAQLP

exports[`Menu Component should match the snapshot 1`] = `
<DocumentFragment>
  <nav>
    <ul
      class="menuContainer list flex pl0 mv0 flex-row"
    />
  </nav>
</DocumentFragment>
`;
